=== NuclidePath AMD Preflight — 2026-07-27T21:04:44Z ===
--- GPU / ROCm info ---
--- Device files ---
crw-rw---- 1 root 993 226, 131 Jul 27 17:41 /dev/dri/renderD131
crw-rw---- 1 root 993 234,   0 Jul 27 17:41 /dev/kfd
--- ROCm version ---
--- PyTorch HIP check ---
torch version: 2.9.1+rocm7.2.1.gitff65f5bc
HIP available: True
device count: 1
device name: AMD Radeon Graphics
VRAM total (GB): 51.522830336
matmul 4096x4096 OK, result norm: 262132.765625
FP64 matmul test:
  FP64 matmul OK, norm: 92769.45429197446
--- Disk space ---
Filesystem      Size  Used Avail Use% Mounted on
overlay         3.5T  430G  2.9T  13% /
overlay         3.5T  430G  2.9T  13% /
overlay         3.5T  430G  2.9T  13% /
--- CPU / RAM ---
128
               total        used        free      shared  buff/cache   available
Mem:           503Gi        25Gi        97Gi        51Mi       385Gi       477Gi
Swap:             0B          0B          0B
--- Python / system versions ---
Python 3.12.3
Linux u-8198-a6aee630 6.8.0-79-generic #79-Ubuntu SMP PREEMPT_DYNAMIC Tue Aug 12 14:42:46 UTC 2025 x86_64 x86_64 x86_64 GNU/Linux
